<?xml version="1.0" encoding="UTF-8"?>
<testsuites name="jest tests" tests="1" failures="1" time="3.942">
  <testsuite name="undefined" errors="0" failures="1" skipped="0" timestamp="2020-11-09T13:21:14" time="3.092" tests="1">
    <testcase classname=" calls onSubmit prop function when form is submitted" name=" calls onSubmit prop function when form is submitted" time="0.003">
      <failure>ReferenceError: mount is not defined
    at Object.&lt;anonymous&gt;.it (C:\Users\parthasarathy\Downloads\hacker\9Nov2020\01d8b421-1813-4fff-a33e-2968a32e47a8\src\App.test.js:25:19)
    at Object.asyncJestTest (C:\Users\parthasarathy\Downloads\hacker\9Nov2020\01d8b421-1813-4fff-a33e-2968a32e47a8\node_modules\jest-jasmine2\build\jasmineAsyncInstall.js:102:37)
    at resolve (C:\Users\parthasarathy\Downloads\hacker\9Nov2020\01d8b421-1813-4fff-a33e-2968a32e47a8\node_modules\jest-jasmine2\build\queueRunner.js:43:12)
    at new Promise (&lt;anonymous&gt;)
    at mapper (C:\Users\parthasarathy\Downloads\hacker\9Nov2020\01d8b421-1813-4fff-a33e-2968a32e47a8\node_modules\jest-jasmine2\build\queueRunner.js:26:19)
    at promise.then (C:\Users\parthasarathy\Downloads\hacker\9Nov2020\01d8b421-1813-4fff-a33e-2968a32e47a8\node_modules\jest-jasmine2\build\queueRunner.js:73:41)
    at process._tickCallback (internal/process/next_tick.js:68:7)</failure>
    </testcase>
  </testsuite>
</testsuites>